[prefix]
/*******************************************************************************
 * This file is part of "Patrick's Programming Library", Version 8 (PPLIB).
 * Web: http://www.pfp.de/ppl/
 *******************************************************************************
 * Copyright (c) 2026, Patrick Fedick <patrick@pfp.de>
 * All rights reserved.
 *
 * Redistribution and use in source and binary forms, with or without
 * modification, are permitted provided that the following conditions are met:
 *    1. Redistributions of source code must retain the above copyright notice, this
 *       list of conditions and the following disclaimer.
 *    2. Redistributions in binary form must reproduce the above copyright notice,
 *       this list of conditions and the following disclaimer in the documentation
 *       and/or other materials provided with the distribution.
 *
 * THIS SOFTWARE IS PROVIDED BY THE COPYRIGHT HOLDER AND CONTRIBUTORS "AS IS"
 * AND ANY EXPRESS OR IMPLIED WARRANTIES, INCLUDING, BUT NOT LIMITED TO, THE
 * IMPLIED WARRANTIES OF MERCHANTABILITY AND FITNESS FOR A PARTICULAR PURPOSE
 * ARE DISCLAIMED. IN NO EVENT SHALL THE COPYRIGHT HOLDER AND CONTRIBUTORS BE
 * LIABLE FOR ANY DIRECT, INDIRECT, INCIDENTAL, SPECIAL, EXEMPLARY, OR
 * CONSEQUENTIAL DAMAGES (INCLUDING, BUT NOT LIMITED TO, PROCUREMENT OF
 * SUBSTITUTE GOODS OR SERVICES; LOSS OF USE, DATA, OR PROFITS; OR BUSINESS
 * INTERRUPTION) HOWEVER CAUSED AND ON ANY THEORY OF LIABILITY, WHETHER IN
 * CONTRACT, STRICT LIABILITY, OR TORT (INCLUDING NEGLIGENCE OR OTHERWISE)
 * ARISING IN ANY WAY OUT OF THE USE OF THIS SOFTWARE, EVEN IF ADVISED OF
 * THE POSSIBILITY OF SUCH DAMAGE.
 *******************************************************************************/

[1]
ID=1
Name=License
File=../LICENSE.TXT
[2]
ID=2
Name=PPLIBIcon48
File=pplib-icon-48x48.png
[3]
ID=3
Name=PPLIBIcon32
File=pplib-icon-32x32.png
[4]
ID=4
Name=PPLIBIcon16
File=pplib-icon-16x16.png
[5]
ID=5
Name=PPLIBIcon128
File=pplib-icon-128x128.png

[11]
ID=11
Name=MimeTypes
File=mimetypes.png
[12]
ID=12
Name=ButtonSymbols
File=ButtonSymbols.png
[13]
ID=13
Name=Icons
File=icons.png
[14]
ID=14
Name=Toolbar
File=toolbar.png
[15]
ID=15
Name=Cursor
File=cursor.png

[16]
ID=16
Name=ButtonSymbols15
File=ButtonSymbols15.png


[34]
ID=34
Name=PPL Liberation Sans
File=liberationsans2.fnt6
compression=none

[35]
ID=35
Name=PPL Liberation Mono
File=liberationmono2.fnt6
compression=none

[50]
ID=50
Name=WikiParser Stylesheet
File=wikistyle.css

